// Jest Snapshot v1, https://goo.gl/fbAQLP

exports[`ColorSmall should match the snapshot with all data passed in 1`] = `
<div
  id="color-small"
  style={
    Object {
      "background": "#baddc3",
    }
  }
/>
`;
